I'm sorry, but errors were detected in your script. Please correct the
errors listed below, and try again.


File "game/script.rpy", line 729: end of line expected.
    show text "TO BE CONTINUED" at truecenter with dissolve with dissolve
                                                            ^

Ren'Py Version: Ren'Py 8.1.3.23091805
Wed Dec 18 21:25:30 2024
